Analyzing onboarding...                                         

   info - 'withOpacity' is deprecated and shouldn't be used. Use .withValues() to avoid precision loss - lib\onboarding\onboarding_page.dart:119:43 - deprecated_member_use
   info - 'withOpacity' is deprecated and shouldn't be used. Use .withValues() to avoid precision loss - lib\onboarding\onboarding_page.dart:141:53 - deprecated_member_use
   info - Parameter 'key' could be a super parameter - lib\onboarding\slide_to_start.dart:10:9 - use_super_parameters
   info - 'withOpacity' is deprecated and shouldn't be used. Use .withValues() to avoid precision loss - lib\onboarding\slide_to_start.dart:44:36 - deprecated_member_use
   info - 'withOpacity' is deprecated and shouldn't be used. Use .withValues() to avoid precision loss - lib\onboarding\slide_to_start.dart:110:52 - deprecated_member_use

